// Jest Snapshot v1, https://goo.gl/fbAQLP

exports[`SignUp should match the snapshot 1`] = `
ShallowWrapper {
  Symbol(enzyme.__root__): [Circular],
  Symbol(enzyme.__unrendered__): <SignUp />,
  Symbol(enzyme.__renderer__): Object {
    "batchedUpdates": [Function],
    "getNode": [Function],
    "render": [Function],
    "simulateError": [Function],
    "simulateEvent": [Function],
    "unmount": [Function],
  },
  Symbol(enzyme.__node__): Object {
    "instance": null,
    "key": undefined,
    "nodeType": "host",
    "props": Object {
      "children": <div
        className="inner-container"
      >
        <article
          className="message-container"
        >
          <h1>
            Welcome To Action Flix!
          </h1>
          <h3>
            Please Log In
          </h3>
        </article>
        <form
          onSubmit={[Function]}
        >
          
          <input
            className="email-input"
            name="email"
            onChange={[Function]}
            placeholder="Enter email ..."
            value=""
          />
          <input
            name="password"
            onChange={[Function]}
            placeholder="Enter password ..."
            type="password"
            value=""
          />
          <button
            className="submit-sign-up"
            disabled={true}
            onClick={[Function]}
          >
            Sign In
          </button>
          <button
            className="signin-toggle"
            onClick={[Function]}
          >
            New user? Sign up!
          </button>
        </form>
      </div>,
      "className": "form-container",
    },
    "ref": null,
    "rendered": Object {
      "instance": null,
      "key": undefined,
      "nodeType": "host",
      "props": Object {
        "children": Array [
          <article
            className="message-container"
          >
            <h1>
              Welcome To Action Flix!
            </h1>
            <h3>
              Please Log In
            </h3>
          </article>,
          <form
            onSubmit={[Function]}
          >
            
            <input
              className="email-input"
              name="email"
              onChange={[Function]}
              placeholder="Enter email ..."
              value=""
            />
            <input
              name="password"
              onChange={[Function]}
              placeholder="Enter password ..."
              type="password"
              value=""
            />
            <button
              className="submit-sign-up"
              disabled={true}
              onClick={[Function]}
            >
              Sign In
            </button>
            <button
              className="signin-toggle"
              onClick={[Function]}
            >
              New user? Sign up!
            </button>
          </form>,
        ],
        "className": "inner-container",
      },
      "ref": null,
      "rendered": Array [
        Object {
          "instance": null,
          "key": undefined,
          "nodeType": "host",
          "props": Object {
            "children": Array [
              <h1>
                Welcome To Action Flix!
              </h1>,
              <h3>
                Please Log In
              </h3>,
            ],
            "className": "message-container",
          },
          "ref": null,
          "rendered": Array [
            Object {
              "instance": null,
              "key": undefined,
              "nodeType": "host",
              "props": Object {
                "children": "Welcome To Action Flix!",
              },
              "ref": null,
              "rendered": "Welcome To Action Flix!",
              "type": "h1",
            },
            Object {
              "instance": null,
              "key": undefined,
              "nodeType": "host",
              "props": Object {
                "children": "Please Log In",
              },
              "ref": null,
              "rendered": "Please Log In",
              "type": "h3",
            },
          ],
          "type": "article",
        },
        Object {
          "instance": null,
          "key": undefined,
          "nodeType": "host",
          "props": Object {
            "children": Array [
              "",
              <input
                className="email-input"
                name="email"
                onChange={[Function]}
                placeholder="Enter email ..."
                value=""
              />,
              <input
                name="password"
                onChange={[Function]}
                placeholder="Enter password ..."
                type="password"
                value=""
              />,
              <button
                className="submit-sign-up"
                disabled={true}
                onClick={[Function]}
              >
                Sign In
              </button>,
              <button
                className="signin-toggle"
                onClick={[Function]}
              >
                New user? Sign up!
              </button>,
              undefined,
            ],
            "onSubmit": [Function],
          },
          "ref": null,
          "rendered": Array [
            "",
            Object {
              "instance": null,
              "key": undefined,
              "nodeType": "host",
              "props": Object {
                "className": "email-input",
                "name": "email",
                "onChange": [Function],
                "placeholder": "Enter email ...",
                "value": "",
              },
              "ref": null,
              "rendered": null,
              "type": "input",
            },
            Object {
              "instance": null,
              "key": undefined,
              "nodeType": "host",
              "props": Object {
                "name": "password",
                "onChange": [Function],
                "placeholder": "Enter password ...",
                "type": "password",
                "value": "",
              },
              "ref": null,
              "rendered": null,
              "type": "input",
            },
            Object {
              "instance": null,
              "key": undefined,
              "nodeType": "host",
              "props": Object {
                "children": "Sign In",
                "className": "submit-sign-up",
                "disabled": true,
                "onClick": [Function],
              },
              "ref": null,
              "rendered": "Sign In",
              "type": "button",
            },
            Object {
              "instance": null,
              "key": undefined,
              "nodeType": "host",
              "props": Object {
                "children": "New user? Sign up!",
                "className": "signin-toggle",
                "onClick": [Function],
              },
              "ref": null,
              "rendered": "New user? Sign up!",
              "type": "button",
            },
            undefined,
          ],
          "type": "form",
        },
      ],
      "type": "div",
    },
    "type": "div",
  },
  Symbol(enzyme.__nodes__): Array [
    Object {
      "instance": null,
      "key": undefined,
      "nodeType": "host",
      "props": Object {
        "children": <div
          className="inner-container"
        >
          <article
            className="message-container"
          >
            <h1>
              Welcome To Action Flix!
            </h1>
            <h3>
              Please Log In
            </h3>
          </article>
          <form
            onSubmit={[Function]}
          >
            
            <input
              className="email-input"
              name="email"
              onChange={[Function]}
              placeholder="Enter email ..."
              value=""
            />
            <input
              name="password"
              onChange={[Function]}
              placeholder="Enter password ..."
              type="password"
              value=""
            />
            <button
              className="submit-sign-up"
              disabled={true}
              onClick={[Function]}
            >
              Sign In
            </button>
            <button
              className="signin-toggle"
              onClick={[Function]}
            >
              New user? Sign up!
            </button>
          </form>
        </div>,
        "className": "form-container",
      },
      "ref": null,
      "rendered": Object {
        "instance": null,
        "key": undefined,
        "nodeType": "host",
        "props": Object {
          "children": Array [
            <article
              className="message-container"
            >
              <h1>
                Welcome To Action Flix!
              </h1>
              <h3>
                Please Log In
              </h3>
            </article>,
            <form
              onSubmit={[Function]}
            >
              
              <input
                className="email-input"
                name="email"
                onChange={[Function]}
                placeholder="Enter email ..."
                value=""
              />
              <input
                name="password"
                onChange={[Function]}
                placeholder="Enter password ..."
                type="password"
                value=""
              />
              <button
                className="submit-sign-up"
                disabled={true}
                onClick={[Function]}
              >
                Sign In
              </button>
              <button
                className="signin-toggle"
                onClick={[Function]}
              >
                New user? Sign up!
              </button>
            </form>,
          ],
          "className": "inner-container",
        },
        "ref": null,
        "rendered": Array [
          Object {
            "instance": null,
            "key": undefined,
            "nodeType": "host",
            "props": Object {
              "children": Array [
                <h1>
                  Welcome To Action Flix!
                </h1>,
                <h3>
                  Please Log In
                </h3>,
              ],
              "className": "message-container",
            },
            "ref": null,
            "rendered": Array [
              Object {
                "instance": null,
                "key": undefined,
                "nodeType": "host",
                "props": Object {
                  "children": "Welcome To Action Flix!",
                },
                "ref": null,
                "rendered": "Welcome To Action Flix!",
                "type": "h1",
              },
              Object {
                "instance": null,
                "key": undefined,
                "nodeType": "host",
                "props": Object {
                  "children": "Please Log In",
                },
                "ref": null,
                "rendered": "Please Log In",
                "type": "h3",
              },
            ],
            "type": "article",
          },
          Object {
            "instance": null,
            "key": undefined,
            "nodeType": "host",
            "props": Object {
              "children": Array [
                "",
                <input
                  className="email-input"
                  name="email"
                  onChange={[Function]}
                  placeholder="Enter email ..."
                  value=""
                />,
                <input
                  name="password"
                  onChange={[Function]}
                  placeholder="Enter password ..."
                  type="password"
                  value=""
                />,
                <button
                  className="submit-sign-up"
                  disabled={true}
                  onClick={[Function]}
                >
                  Sign In
                </button>,
                <button
                  className="signin-toggle"
                  onClick={[Function]}
                >
                  New user? Sign up!
                </button>,
                undefined,
              ],
              "onSubmit": [Function],
            },
            "ref": null,
            "rendered": Array [
              "",
              Object {
                "instance": null,
                "key": undefined,
                "nodeType": "host",
                "props": Object {
                  "className": "email-input",
                  "name": "email",
                  "onChange": [Function],
                  "placeholder": "Enter email ...",
                  "value": "",
                },
                "ref": null,
                "rendered": null,
                "type": "input",
              },
              Object {
                "instance": null,
                "key": undefined,
                "nodeType": "host",
                "props": Object {
                  "name": "password",
                  "onChange": [Function],
                  "placeholder": "Enter password ...",
                  "type": "password",
                  "value": "",
                },
                "ref": null,
                "rendered": null,
                "type": "input",
              },
              Object {
                "instance": null,
                "key": undefined,
                "nodeType": "host",
                "props": Object {
                  "children": "Sign In",
                  "className": "submit-sign-up",
                  "disabled": true,
                  "onClick": [Function],
                },
                "ref": null,
                "rendered": "Sign In",
                "type": "button",
              },
              Object {
                "instance": null,
                "key": undefined,
                "nodeType": "host",
                "props": Object {
                  "children": "New user? Sign up!",
                  "className": "signin-toggle",
                  "onClick": [Function],
                },
                "ref": null,
                "rendered": "New user? Sign up!",
                "type": "button",
              },
              undefined,
            ],
            "type": "form",
          },
        ],
        "type": "div",
      },
      "type": "div",
    },
  ],
  Symbol(enzyme.__options__): Object {
    "adapter": ReactSixteenAdapter {
      "options": Object {
        "enableComponentDidUpdateOnSetState": true,
        "lifecycles": Object {
          "componentDidUpdate": Object {
            "onSetState": true,
          },
          "getDerivedStateFromProps": true,
          "getSnapshotBeforeUpdate": true,
          "setState": Object {
            "skipsComponentDidUpdateOnNullish": true,
          },
        },
      },
    },
  },
}
`;
