// Jest Snapshot v1, https://goo.gl/fbAQLP

exports[`Header should match the snapshot 1`] = `
ShallowWrapper {
  Symbol(enzyme.__root__): [Circular],
  Symbol(enzyme.__unrendered__): <Header
    history={Array []}
    logUserOut={[MockFunction]}
    resetFavorites={[MockFunction]}
    user={1}
  />,
  Symbol(enzyme.__renderer__): Object {
    "batchedUpdates": [Function],
    "getNode": [Function],
    "render": [Function],
    "simulateError": [Function],
    "simulateEvent": [Function],
    "unmount": [Function],
  },
  Symbol(enzyme.__node__): Object {
    "instance": null,
    "key": undefined,
    "nodeType": "host",
    "props": Object {
      "children": Array [
        <h1
          className="header-title"
        >
          Action Flix
        </h1>,
        <div
          className="dropdown-wrapper"
        >
          <div
            className="dropdown-header"
          >
            <div
              className="dropdown-title"
              onClick={[Function]}
            >
              <h3
                className="welcome-user"
              >
                Hello 
              </h3>
              <img
                alt="down arrow"
                className="arrow-icon"
                src="../images/down-arrow.svg"
              />
            </div>
          </div>
        </div>,
      ],
      "className": "header",
    },
    "ref": null,
    "rendered": Array [
      Object {
        "instance": null,
        "key": undefined,
        "nodeType": "host",
        "props": Object {
          "children": "Action Flix",
          "className": "header-title",
        },
        "ref": null,
        "rendered": "Action Flix",
        "type": "h1",
      },
      Object {
        "instance": null,
        "key": undefined,
        "nodeType": "host",
        "props": Object {
          "children": Array [
            <div
              className="dropdown-header"
            >
              <div
                className="dropdown-title"
                onClick={[Function]}
              >
                <h3
                  className="welcome-user"
                >
                  Hello 
                </h3>
                <img
                  alt="down arrow"
                  className="arrow-icon"
                  src="../images/down-arrow.svg"
                />
              </div>
            </div>,
            null,
          ],
          "className": "dropdown-wrapper",
        },
        "ref": null,
        "rendered": Array [
          Object {
            "instance": null,
            "key": undefined,
            "nodeType": "host",
            "props": Object {
              "children": <div
                className="dropdown-title"
                onClick={[Function]}
              >
                <h3
                  className="welcome-user"
                >
                  Hello 
                </h3>
                <img
                  alt="down arrow"
                  className="arrow-icon"
                  src="../images/down-arrow.svg"
                />
              </div>,
              "className": "dropdown-header",
            },
            "ref": null,
            "rendered": Object {
              "instance": null,
              "key": undefined,
              "nodeType": "host",
              "props": Object {
                "children": Array [
                  <h3
                    className="welcome-user"
                  >
                    Hello 
                  </h3>,
                  <img
                    alt="down arrow"
                    className="arrow-icon"
                    src="../images/down-arrow.svg"
                  />,
                ],
                "className": "dropdown-title",
                "onClick": [Function],
              },
              "ref": null,
              "rendered": Array [
                Object {
                  "instance": null,
                  "key": undefined,
                  "nodeType": "host",
                  "props": Object {
                    "children": Array [
                      "Hello ",
                      undefined,
                    ],
                    "className": "welcome-user",
                  },
                  "ref": null,
                  "rendered": Array [
                    "Hello ",
                    undefined,
                  ],
                  "type": "h3",
                },
                Object {
                  "instance": null,
                  "key": undefined,
                  "nodeType": "host",
                  "props": Object {
                    "alt": "down arrow",
                    "className": "arrow-icon",
                    "src": "../images/down-arrow.svg",
                  },
                  "ref": null,
                  "rendered": null,
                  "type": "img",
                },
              ],
              "type": "div",
            },
            "type": "div",
          },
          null,
        ],
        "type": "div",
      },
    ],
    "type": "header",
  },
  Symbol(enzyme.__nodes__): Array [
    Object {
      "instance": null,
      "key": undefined,
      "nodeType": "host",
      "props": Object {
        "children": Array [
          <h1
            className="header-title"
          >
            Action Flix
          </h1>,
          <div
            className="dropdown-wrapper"
          >
            <div
              className="dropdown-header"
            >
              <div
                className="dropdown-title"
                onClick={[Function]}
              >
                <h3
                  className="welcome-user"
                >
                  Hello 
                </h3>
                <img
                  alt="down arrow"
                  className="arrow-icon"
                  src="../images/down-arrow.svg"
                />
              </div>
            </div>
          </div>,
        ],
        "className": "header",
      },
      "ref": null,
      "rendered": Array [
        Object {
          "instance": null,
          "key": undefined,
          "nodeType": "host",
          "props": Object {
            "children": "Action Flix",
            "className": "header-title",
          },
          "ref": null,
          "rendered": "Action Flix",
          "type": "h1",
        },
        Object {
          "instance": null,
          "key": undefined,
          "nodeType": "host",
          "props": Object {
            "children": Array [
              <div
                className="dropdown-header"
              >
                <div
                  className="dropdown-title"
                  onClick={[Function]}
                >
                  <h3
                    className="welcome-user"
                  >
                    Hello 
                  </h3>
                  <img
                    alt="down arrow"
                    className="arrow-icon"
                    src="../images/down-arrow.svg"
                  />
                </div>
              </div>,
              null,
            ],
            "className": "dropdown-wrapper",
          },
          "ref": null,
          "rendered": Array [
            Object {
              "instance": null,
              "key": undefined,
              "nodeType": "host",
              "props": Object {
                "children": <div
                  className="dropdown-title"
                  onClick={[Function]}
                >
                  <h3
                    className="welcome-user"
                  >
                    Hello 
                  </h3>
                  <img
                    alt="down arrow"
                    className="arrow-icon"
                    src="../images/down-arrow.svg"
                  />
                </div>,
                "className": "dropdown-header",
              },
              "ref": null,
              "rendered": Object {
                "instance": null,
                "key": undefined,
                "nodeType": "host",
                "props": Object {
                  "children": Array [
                    <h3
                      className="welcome-user"
                    >
                      Hello 
                    </h3>,
                    <img
                      alt="down arrow"
                      className="arrow-icon"
                      src="../images/down-arrow.svg"
                    />,
                  ],
                  "className": "dropdown-title",
                  "onClick": [Function],
                },
                "ref": null,
                "rendered": Array [
                  Object {
                    "instance": null,
                    "key": undefined,
                    "nodeType": "host",
                    "props": Object {
                      "children": Array [
                        "Hello ",
                        undefined,
                      ],
                      "className": "welcome-user",
                    },
                    "ref": null,
                    "rendered": Array [
                      "Hello ",
                      undefined,
                    ],
                    "type": "h3",
                  },
                  Object {
                    "instance": null,
                    "key": undefined,
                    "nodeType": "host",
                    "props": Object {
                      "alt": "down arrow",
                      "className": "arrow-icon",
                      "src": "../images/down-arrow.svg",
                    },
                    "ref": null,
                    "rendered": null,
                    "type": "img",
                  },
                ],
                "type": "div",
              },
              "type": "div",
            },
            null,
          ],
          "type": "div",
        },
      ],
      "type": "header",
    },
  ],
  Symbol(enzyme.__options__): Object {
    "adapter": ReactSixteenAdapter {
      "options": Object {
        "enableComponentDidUpdateOnSetState": true,
        "lifecycles": Object {
          "componentDidUpdate": Object {
            "onSetState": true,
          },
          "getDerivedStateFromProps": true,
          "getSnapshotBeforeUpdate": true,
          "setState": Object {
            "skipsComponentDidUpdateOnNullish": true,
          },
        },
      },
    },
  },
}
`;
